/usr/local/lib/python3.9/site-packages/rasa/core/tracker_store.py:1044: MovedIn20Warning: [31mDeprecated API features detected! These feature(s) are not compatible with SQLAlchemy 2.0. [32mTo prevent incompatible upgrades prior to updating applications, ensure requirements files are pinned to "sqlalchemy<2.0". [36mSet environment variable SQLALCHEMY_WARN_20=1 to show all deprecation warnings.  Set environment variable SQLALCHEMY_SILENCE_UBER_WARNING=1 to silence this message.[0m (Background on SQLAlchemy 2.0 at: https://sqlalche.me/e/b8d9)
  Base: DeclarativeMeta = declarative_base()
/usr/local/lib/python3.9/site-packages/rasa/shared/utils/validation.py:134: DeprecationWarning: pkg_resources is deprecated as an API. See https://setuptools.pypa.io/en/latest/pkg_resources.html
  import pkg_resources
/usr/local/lib/python3.9/site-packages/pkg_resources/__init__.py:3117: DeprecationWarning: Deprecated call to `pkg_resources.declare_namespace('mpl_toolkits')`.
Implementing implicit namespace packages (as specified in PEP 420) is preferred to `pkg_resources.declare_namespace`. See https://setuptools.pypa.io/en/latest/references/keywords.html#keyword-namespace-packages
  declare_namespace(pkg)
/usr/local/lib/python3.9/site-packages/pkg_resources/__init__.py:3117: DeprecationWarning: Deprecated call to `pkg_resources.declare_namespace('ruamel')`.
Implementing implicit namespace packages (as specified in PEP 420) is preferred to `pkg_resources.declare_namespace`. See https://setuptools.pypa.io/en/latest/references/keywords.html#keyword-namespace-packages
  declare_namespace(pkg)
2025-06-08 20:31:51 [1;30mDEBUG   [0m [34mrasa.cli.utils[0m  - Parameter 'credentials' not set. Using default location 'credentials.yml' instead.
/usr/local/lib/python3.9/site-packages/sanic_cors/extension.py:39: DeprecationWarning: distutils Version classes are deprecated. Use packaging.version instead.
  SANIC_VERSION = LooseVersion(sanic_version)
2025-06-08 20:31:52 [1;30mDEBUG   [0m [34mh5py._conv[0m  - Creating converter from 7 to 5
2025-06-08 20:31:52 [1;30mDEBUG   [0m [34mh5py._conv[0m  - Creating converter from 5 to 7
2025-06-08 20:31:52 [1;30mDEBUG   [0m [34mh5py._conv[0m  - Creating converter from 7 to 5
2025-06-08 20:31:52 [1;30mDEBUG   [0m [34mh5py._conv[0m  - Creating converter from 5 to 7
2025-06-08 20:31:52 [1;30mDEBUG   [0m [34mjax._src.path[0m  - etils.epath was not found. Using pathlib for file I/O.
/usr/local/lib/python3.9/site-packages/tensorflow/lite/python/util.py:52: DeprecationWarning: jax.xla_computation is deprecated. Please use the AOT APIs.
  from jax import xla_computation as _xla_computation
2025-06-08 20:31:54 [1;30mDEBUG   [0m [34mrasa.core.utils[0m  - Available web server routes: 
/conversations/<conversation_id:path>/messages     POST                           add_message
/conversations/<conversation_id:path>/tracker/events POST                           append_events
/webhooks/rasa                                     GET                            custom_webhook_RasaChatInput.health
/webhooks/rasa/webhook                             POST                           custom_webhook_RasaChatInput.receive
/webhooks/rest                                     GET                            custom_webhook_RestInput.health
/webhooks/rest/webhook                             POST                           custom_webhook_RestInput.receive
/model/test/intents                                POST                           evaluate_intents
/model/test/stories                                POST                           evaluate_stories
/conversations/<conversation_id:path>/execute      POST                           execute_action
/domain                                            GET                            get_domain
/                                                  GET                            hello
/model                                             PUT                            load_model
/model/parse                                       POST                           parse
/conversations/<conversation_id:path>/predict      POST                           predict
/conversations/<conversation_id:path>/tracker/events PUT                            replace_events
/conversations/<conversation_id:path>/story        GET                            retrieve_story
/conversations/<conversation_id:path>/tracker      GET                            retrieve_tracker
/status                                            GET                            status
/model/predict                                     POST                           tracker_predict
/model/train                                       POST                           train
/conversations/<conversation_id:path>/trigger_intent POST                           trigger_intent
/model                                             DELETE                         unload_model
/version                                           GET                            version
2025-06-08 20:31:54 [1;30mINFO    [0m [34mroot[0m  - Starting Rasa server on http://0.0.0.0:5005
2025-06-08 20:31:54 [1;30mDEBUG   [0m [34mrasa.core.utils[0m  - Using the default number of Sanic workers (1).
[93m/usr/local/lib/python3.9/site-packages/rasa/shared/core/slot_mappings.py:224: UserWarning: Slot auto-fill has been removed in 3.0 and replaced with a new explicit mechanism to set slots. Please refer to https://rasa.com/docs/rasa/domain#slots to learn more.
  rasa.shared.utils.io.raise_warning(
[0m2025-06-08 20:31:54 [1;30mDEBUG   [0m [34mrasa.telemetry[0m  - Skipping telemetry reporting: no license hash found.
2025-06-08 20:31:54 [1;30mDEBUG   [0m [34mrasa.core.tracker_store[0m  - Connected to InMemoryTrackerStore.
2025-06-08 20:31:54 [1;30mDEBUG   [0m [34mrasa.core.lock_store[0m  - Connected to lock store 'InMemoryLockStore'.
2025-06-08 20:31:54 [1;30mDEBUG   [0m [34mrasa.core.nlg.generator[0m  - Instantiated NLG to 'TemplatedNaturalLanguageGenerator'.
2025-06-08 20:31:54 [1;30mINFO    [0m [34mrasa.core.processor[0m  - Loading model models/20250608-202922-free-coordinate.tar.gz...
2025-06-08 20:31:54 [1;30mDEBUG   [0m [34mrasa.engine.storage.local_model_storage[0m  - Extracted model to '/tmp/tmpe6jj6dq9'.
2025-06-08 20:31:54 [1;30mDEBUG   [0m [34mrasa.engine.graph[0m  - Node 'nlu_message_converter' loading 'NLUMessageConverter.load' and kwargs: '{}'.
2025-06-08 20:31:54 [1;30mDEBUG   [0m [34mrasa.engine.graph[0m  - Node 'run_WhitespaceTokenizer0' loading 'WhitespaceTokenizer.load' and kwargs: '{}'.
2025-06-08 20:31:54 [1;30mDEBUG   [0m [34mrasa.engine.graph[0m  - Node 'run_RegexFeaturizer1' loading 'RegexFeaturizer.load' and kwargs: '{}'.
2025-06-08 20:31:54 [1;30mDEBUG   [0m [34mrasa.engine.storage.local_model_storage[0m  - Resource 'train_RegexFeaturizer1' was requested for reading.
2025-06-08 20:31:54 [1;30mDEBUG   [0m [34mrasa.engine.graph[0m  - Node 'run_LexicalSyntacticFeaturizer2' loading 'LexicalSyntacticFeaturizer.load' and kwargs: '{}'.
2025-06-08 20:31:54 [1;30mDEBUG   [0m [34mrasa.engine.storage.local_model_storage[0m  - Resource 'train_LexicalSyntacticFeaturizer2' was requested for reading.
2025-06-08 20:31:54 [1;30mDEBUG   [0m [34mrasa.engine.graph[0m  - Node 'run_CountVectorsFeaturizer3' loading 'CountVectorsFeaturizer.load' and kwargs: '{}'.
2025-06-08 20:31:54 [1;30mDEBUG   [0m [34mrasa.engine.storage.local_model_storage[0m  - Resource 'train_CountVectorsFeaturizer3' was requested for reading.
2025-06-08 20:31:54 [1;30mDEBUG   [0m [34mrasa.engine.graph[0m  - Node 'run_LanguageModelFeaturizer4' loading 'LanguageModelFeaturizer.load' and kwargs: '{}'.
2025-06-08 20:31:55 [1;30mDEBUG   [0m [34mrasa.nlu.featurizers.dense_featurizer.lm_featurizer[0m  - Loading Tokenizer and Model for bert
2025-06-08 20:31:55 [1;30mDEBUG   [0m [34murllib3.connectionpool[0m  - Starting new HTTPS connection (1): huggingface.co:443
2025-06-08 20:31:55 [1;30mDEBUG   [0m [34murllib3.connectionpool[0m  - https://huggingface.co:443 "HEAD /bert-base-cased/resolve/main/tokenizer_config.json HTTP/1.1" 200 0
2025-06-08 20:31:55 [1;30mDEBUG   [0m [34murllib3.connectionpool[0m  - https://huggingface.co:443 "GET /api/models/bert-base-cased/tree/main/additional_chat_templates?recursive=False&expand=False HTTP/1.1" 307 139
2025-06-08 20:31:55 [1;30mDEBUG   [0m [34murllib3.connectionpool[0m  - https://huggingface.co:443 "GET /api/models/google-bert/bert-base-cased/tree/main/additional_chat_templates?recursive=False&expand=False HTTP/1.1" 404 64
2025-06-08 20:31:56 [1;30mDEBUG   [0m [34murllib3.connectionpool[0m  - https://huggingface.co:443 "HEAD /bert-base-cased/resolve/main/config.json HTTP/1.1" 200 0
Some weights of the PyTorch model were not used when initializing the TF 2.0 model TFBertModel: ['cls.predictions.transform.LayerNorm.bias', 'cls.predictions.bias', 'cls.seq_relationship.weight', 'cls.predictions.transform.LayerNorm.weight', 'cls.predictions.transform.dense.weight', 'cls.seq_relationship.bias', 'cls.predictions.transform.dense.bias']
- This IS expected if you are initializing TFBertModel from a PyTorch model trained on another task or with another architecture (e.g. initializing a TFBertForSequenceClassification model from a BertForPreTraining model).
- This IS NOT expected if you are initializing TFBertModel from a PyTorch model that you expect to be exactly identical (e.g. initializing a TFBertForSequenceClassification model from a BertForSequenceClassification model).
All the weights of TFBertModel were initialized from the PyTorch model.
If your task is similar to the task the model of the checkpoint was trained on, you can already use TFBertModel for predictions without further training.
2025-06-08 20:31:57 [1;30mDEBUG   [0m [34mrasa.engine.graph[0m  - Node 'run_DIETClassifier5' loading 'DIETClassifier.load' and kwargs: '{}'.
2025-06-08 20:31:57 [1;30mDEBUG   [0m [34mrasa.engine.storage.local_model_storage[0m  - Resource 'train_DIETClassifier5' was requested for reading.
2025-06-08 20:31:57 [1;30mDEBUG   [0m [34mrasa.utils.tensorflow.models[0m  - Loading the model from /tmp/tmp77j621rb/train_DIETClassifier5/DIETClassifier.tf_model with finetune_mode=False...
2025-06-08 20:31:57 [1;30mDEBUG   [0m [34mrasa.nlu.classifiers.diet_classifier[0m  - You specified 'DIET' to train entities, but no entities are present in the training data. Skipping training of entities.
2025-06-08 20:31:57 [1;30mDEBUG   [0m [34mrasa.nlu.classifiers.diet_classifier[0m  - Following metrics will be logged during training: 
2025-06-08 20:31:57 [1;30mDEBUG   [0m [34mrasa.nlu.classifiers.diet_classifier[0m  -   t_loss (total loss)
2025-06-08 20:31:57 [1;30mDEBUG   [0m [34mrasa.nlu.classifiers.diet_classifier[0m  -   i_acc (intent acc)
2025-06-08 20:31:57 [1;30mDEBUG   [0m [34mrasa.nlu.classifiers.diet_classifier[0m  -   i_loss (intent loss)
2025-06-08 20:32:03 [1;30mDEBUG   [0m [34mrasa.utils.tensorflow.models[0m  - Finished loading the model.
[93m/usr/local/lib/python3.9/site-packages/rasa/utils/train_utils.py:530: UserWarning: constrain_similarities is set to `False`. It is recommended to set it to `True` when using cross-entropy loss.
  rasa.shared.utils.io.raise_warning(
[0m2025-06-08 20:32:03 [1;30mDEBUG   [0m [34mrasa.engine.graph[0m  - Node 'run_EntitySynonymMapper6' loading 'EntitySynonymMapper.load' and kwargs: '{}'.
2025-06-08 20:32:03 [1;30mDEBUG   [0m [34mrasa.engine.storage.local_model_storage[0m  - Resource 'train_EntitySynonymMapper6' was requested for reading.
2025-06-08 20:32:03 [1;30mDEBUG   [0m [34mrasa.nlu.extractors.entity_synonyms[0m  - Failed to load ABCMeta from model storage. Resource 'train_EntitySynonymMapper6' doesn't exist.
2025-06-08 20:32:03 [1;30mDEBUG   [0m [34mrasa.engine.graph[0m  - Node 'run_ResponseSelector7' loading 'ResponseSelector.load' and kwargs: '{}'.
2025-06-08 20:32:03 [1;30mDEBUG   [0m [34mrasa.engine.storage.local_model_storage[0m  - Resource 'train_ResponseSelector7' was requested for reading.
2025-06-08 20:32:03 [1;30mDEBUG   [0m [34mrasa.nlu.classifiers.diet_classifier[0m  - Failed to load ABCMeta from model storage. Resource 'train_ResponseSelector7' doesn't exist.
2025-06-08 20:32:03 [1;30mDEBUG   [0m [34mrasa.engine.storage.local_model_storage[0m  - Resource 'train_ResponseSelector7' was requested for reading.
2025-06-08 20:32:03 [1;30mDEBUG   [0m [34mrasa.nlu.selectors.response_selector[0m  - Failed to load ResponseSelector from model storage. Resource 'train_ResponseSelector7' doesn't exist.
2025-06-08 20:32:03 [1;30mDEBUG   [0m [34mrasa.engine.graph[0m  - Node 'run_RegexMessageHandler' loading 'RegexMessageHandler.load' and kwargs: '{}'.
2025-06-08 20:32:03 [1;30mDEBUG   [0m [34mrasa.engine.graph[0m  - Node 'domain_provider' loading 'DomainProvider.load' and kwargs: '{}'.
2025-06-08 20:32:03 [1;30mDEBUG   [0m [34mrasa.engine.storage.local_model_storage[0m  - Resource 'domain_provider' was requested for reading.
[93m/usr/local/lib/python3.9/site-packages/rasa/shared/core/slot_mappings.py:224: UserWarning: Slot auto-fill has been removed in 3.0 and replaced with a new explicit mechanism to set slots. Please refer to https://rasa.com/docs/rasa/domain#slots to learn more.
  rasa.shared.utils.io.raise_warning(
[0m2025-06-08 20:32:03 [1;30mDEBUG   [0m [34mrasa.engine.graph[0m  - Node 'run_MemoizationPolicy0' loading 'MemoizationPolicy.load' and kwargs: '{}'.
2025-06-08 20:32:03 [1;30mDEBUG   [0m [34mrasa.engine.storage.local_model_storage[0m  - Resource 'train_MemoizationPolicy0' was requested for reading.
2025-06-08 20:32:03 [1;30mDEBUG   [0m [34mrasa.engine.graph[0m  - Node 'run_RulePolicy1' loading 'RulePolicy.load' and kwargs: '{}'.
2025-06-08 20:32:03 [1;30mDEBUG   [0m [34mrasa.engine.storage.local_model_storage[0m  - Resource 'train_RulePolicy1' was requested for reading.
2025-06-08 20:32:03 [1;30mDEBUG   [0m [34mrasa.engine.graph[0m  - Node 'run_TEDPolicy2' loading 'TEDPolicy.load' and kwargs: '{}'.
2025-06-08 20:32:03 [1;30mDEBUG   [0m [34mrasa.engine.storage.local_model_storage[0m  - Resource 'train_TEDPolicy2' was requested for reading.
2025-06-08 20:32:03 [1;30mDEBUG   [0m [34mrasa.utils.tensorflow.models[0m  - Loading the model from /tmp/tmp77j621rb/train_TEDPolicy2/ted_policy.tf_model with finetune_mode=False...
2025-06-08 20:32:11 [1;30mDEBUG   [0m [34mrasa.utils.tensorflow.models[0m  - Finished loading the model.
[93m/usr/local/lib/python3.9/site-packages/rasa/shared/utils/io.py:100: UserWarning: 'evaluate_every_number_of_epochs=20' is greater than 'epochs=1'. No evaluation will occur.
[0m2025-06-08 20:32:11 [1;30mDEBUG   [0m [34mrasa.engine.graph[0m  - Node 'rule_only_data_provider' loading 'RuleOnlyDataProvider.load' and kwargs: '{}'.
2025-06-08 20:32:11 [1;30mDEBUG   [0m [34mrasa.engine.storage.local_model_storage[0m  - Resource 'train_RulePolicy1' was requested for reading.
2025-06-08 20:32:11 [1;30mDEBUG   [0m [34mrasa.engine.graph[0m  - Node 'select_prediction' loading 'DefaultPolicyPredictionEnsemble.load' and kwargs: '{}'.
2025-06-08 20:32:11 [1;30mINFO    [0m [34mroot[0m  - Rasa server is up and running.
2025-06-08 20:32:11 [1;30mINFO    [0m [34mroot[0m  - Enabling coroutine debugging. Loop id 109658243229824.
2025-06-08 20:34:07 [1;30mDEBUG   [0m [34mrasa.core.lock_store[0m  - Issuing ticket for conversation 'PractikumStudent'.
2025-06-08 20:34:07 [1;30mDEBUG   [0m [34mrasa.core.lock_store[0m  - Acquiring lock for conversation 'PractikumStudent'.
2025-06-08 20:34:07 [1;30mDEBUG   [0m [34mrasa.core.lock_store[0m  - Acquired lock for conversation 'PractikumStudent'.
2025-06-08 20:34:07 [1;30mDEBUG   [0m [34mrasa.core.tracker_store[0m  - Could not find tracker for conversation ID 'PractikumStudent'.
2025-06-08 20:34:07 [1;30mDEBUG   [0m [34mrasa.core.tracker_store[0m  - No event broker configured. Skipping streaming events.
2025-06-08 20:34:07 [1;30mDEBUG   [0m [34mrasa.core.processor[0m  - Starting a new session for conversation ID 'PractikumStudent'.
2025-06-08 20:34:07 [1;30mDEBUG   [0m [34mrasa.core.processor[0m  - [[32m[1mdebug    [0m] [1mprocessor.actions.policy_prediction[0m [36mprediction_events[0m=[35m[][0m
2025-06-08 20:34:07 [1;30mDEBUG   [0m [34mrasa.core.processor[0m  - [[32m[1mdebug    [0m] [1mprocessor.actions.log         [0m [36maction_name[0m=[35maction_session_start[0m [36mrasa_events[0m=[35m[<rasa.shared.core.events.SessionStarted object at 0x7335361fdf70>, ActionExecuted(action: action_listen, policy: None, confidence: None)][0m
2025-06-08 20:34:07 [1;30mDEBUG   [0m [34mrasa.core.processor[0m  - [[32m[1mdebug    [0m] [1mprocessor.slots.log           [0m [36mslot_values[0m=[35m	topic: None
	session_started_metadata: None[0m
2025-06-08 20:34:07 [1;30mDEBUG   [0m [34mrasa.engine.runner.dask[0m  - Running graph with inputs: {'__message__': [<rasa.core.channels.channel.UserMessage object at 0x733558076580>], '__tracker__': <rasa.shared.core.trackers.DialogueStateTracker object at 0x733536257850>}, targets: ['run_RegexMessageHandler'] and ExecutionContext(model_id='d958cee428034d74882bc7694ec16195', should_add_diagnostic_data=False, is_finetuning=False, node_name=None).
2025-06-08 20:34:07 [1;30mDEBUG   [0m [34mrasa.engine.graph[0m  - Node 'nlu_message_converter' running 'NLUMessageConverter.convert_user_message'.
2025-06-08 20:34:07 [1;30mDEBUG   [0m [34mrasa.engine.graph[0m  - Node 'run_WhitespaceTokenizer0' running 'WhitespaceTokenizer.process'.
2025-06-08 20:34:07 [1;30mDEBUG   [0m [34mrasa.engine.graph[0m  - Node 'run_RegexFeaturizer1' running 'RegexFeaturizer.process'.
2025-06-08 20:34:07 [1;30mDEBUG   [0m [34mrasa.engine.graph[0m  - Node 'run_LexicalSyntacticFeaturizer2' running 'LexicalSyntacticFeaturizer.process'.
2025-06-08 20:34:07 [1;30mDEBUG   [0m [34mrasa.engine.graph[0m  - Node 'run_CountVectorsFeaturizer3' running 'CountVectorsFeaturizer.process'.
2025-06-08 20:34:07 [1;30mDEBUG   [0m [34mrasa.engine.graph[0m  - Node 'run_LanguageModelFeaturizer4' running 'LanguageModelFeaturizer.process'.
2025-06-08 20:34:07 [1;30mDEBUG   [0m [34mrasa.engine.graph[0m  - Node 'run_DIETClassifier5' running 'DIETClassifier.process'.
2025-06-08 20:34:07 [1;30mDEBUG   [0m [34mrasa.engine.graph[0m  - Node 'run_EntitySynonymMapper6' running 'EntitySynonymMapper.process'.
2025-06-08 20:34:07 [1;30mDEBUG   [0m [34mrasa.engine.graph[0m  - Node 'run_ResponseSelector7' running 'ResponseSelector.process'.
2025-06-08 20:34:07 [1;30mDEBUG   [0m [34mrasa.nlu.classifiers.diet_classifier[0m  - There is no trained model for 'ResponseSelector': The component is either not trained or didn't receive enough training data.
2025-06-08 20:34:07 [1;30mDEBUG   [0m [34mrasa.nlu.selectors.response_selector[0m  - Adding following selector key to message property: default
2025-06-08 20:34:07 [1;30mDEBUG   [0m [34mrasa.engine.graph[0m  - Node 'domain_provider' running 'DomainProvider.provide_inference'.
2025-06-08 20:34:07 [1;30mDEBUG   [0m [34mrasa.engine.graph[0m  - Node 'run_RegexMessageHandler' running 'RegexMessageHandler.process'.
2025-06-08 20:34:07 [1;30mDEBUG   [0m [34mrasa.core.processor[0m  - [[32m[1mdebug    [0m] [1mprocessor.message.parse       [0m [36mparse_data_entities[0m=[35m[][0m [36mparse_data_intent[0m=[35m{'name': 'greet', 'confidence': 0.39153149724006653}[0m [36mparse_data_text[0m=[35mпривет[0m
2025-06-08 20:34:07 [1;30mDEBUG   [0m [34mrasa.core.processor[0m  - Logged UserUtterance - tracker now has 4 events.
2025-06-08 20:34:07 [1;30mDEBUG   [0m [34mrasa.core.actions.action[0m  - Validating extracted slots: topic
2025-06-08 20:34:07 [1;30mDEBUG   [0m [34mrasa.core.processor[0m  - [[32m[1mdebug    [0m] [1mprocessor.extract.slots       [0m [36maction_extract_slot[0m=[35maction_extract_slots[0m [36mlen_extraction_events[0m=[35m1[0m [36mrasa_events[0m=[35m[SlotSet(key: topic, value: привет)][0m
2025-06-08 20:34:07 [1;30mDEBUG   [0m [34mrasa.engine.runner.dask[0m  - Running graph with inputs: {'__tracker__': <rasa.shared.core.trackers.DialogueStateTracker object at 0x733536257850>}, targets: ['select_prediction'] and ExecutionContext(model_id='d958cee428034d74882bc7694ec16195', should_add_diagnostic_data=False, is_finetuning=False, node_name=None).
2025-06-08 20:34:07 [1;30mDEBUG   [0m [34mrasa.engine.graph[0m  - Node 'rule_only_data_provider' running 'RuleOnlyDataProvider.provide'.
2025-06-08 20:34:07 [1;30mDEBUG   [0m [34mrasa.engine.graph[0m  - Node 'domain_provider' running 'DomainProvider.provide_inference'.
2025-06-08 20:34:07 [1;30mDEBUG   [0m [34mrasa.engine.graph[0m  - Node 'run_MemoizationPolicy0' running 'MemoizationPolicy.predict_action_probabilities'.
2025-06-08 20:34:07 [1;30mDEBUG   [0m [34mrasa.core.policies.memoization[0m  - [[32m[1mdebug    [0m] [1mmemoization.predict.actions   [0m [36mtracker_states[0m=[35m[{}, {'user': {'intent': 'greet'}, 'prev_action': {'action_name': 'action_listen'}}][0m
2025-06-08 20:34:07 [1;30mDEBUG   [0m [34mrasa.core.policies.memoization[0m  - There is a memorised next action 'utter_greet'
2025-06-08 20:34:07 [1;30mDEBUG   [0m [34mrasa.engine.graph[0m  - Node 'run_RulePolicy1' running 'RulePolicy.predict_action_probabilities'.
2025-06-08 20:34:07 [1;30mDEBUG   [0m [34mrasa.core.policies.rule_policy[0m  - [[32m[1mdebug    [0m] [1mrule_policy.actions.find      [0m [36mcurrent_states[0m=[35m
[state 1] user text: привет | previous action name: action_listen[0m
2025-06-08 20:34:07 [1;30mDEBUG   [0m [34mrasa.core.policies.rule_policy[0m  - There is no applicable rule.
2025-06-08 20:34:07 [1;30mDEBUG   [0m [34mrasa.core.policies.rule_policy[0m  - [[32m[1mdebug    [0m] [1mrule_policy.actions.find      [0m [36mcurrent_states[0m=[35m
[state 1] user intent: greet | previous action name: action_listen[0m
2025-06-08 20:34:07 [1;30mDEBUG   [0m [34mrasa.core.policies.rule_policy[0m  - There is no applicable rule.
2025-06-08 20:34:07 [1;30mDEBUG   [0m [34mrasa.engine.graph[0m  - Node 'run_TEDPolicy2' running 'TEDPolicy.predict_action_probabilities'.
2025-06-08 20:34:07 [1;30mDEBUG   [0m [34mrasa.core.policies.ted_policy[0m  - TED predicted 'action_session_start' based on user intent.
2025-06-08 20:34:07 [1;30mDEBUG   [0m [34mrasa.engine.graph[0m  - Node 'select_prediction' running 'DefaultPolicyPredictionEnsemble.combine_predictions_from_kwargs'.
2025-06-08 20:34:07 [1;30mDEBUG   [0m [34mrasa.core.policies.ensemble[0m  - Made prediction using user intent.
2025-06-08 20:34:07 [1;30mDEBUG   [0m [34mrasa.core.policies.ensemble[0m  - Added `DefinePrevUserUtteredFeaturization(False)` event.
2025-06-08 20:34:07 [1;30mDEBUG   [0m [34mrasa.core.policies.ensemble[0m  - Predicted next action using MemoizationPolicy.
2025-06-08 20:34:07 [1;30mDEBUG   [0m [34mrasa.core.processor[0m  - Predicted next action 'utter_greet' with confidence 1.00.
2025-06-08 20:34:07 [1;30mDEBUG   [0m [34mrasa.core.processor[0m  - [[32m[1mdebug    [0m] [1mprocessor.actions.policy_prediction[0m [36mprediction_events[0m=[35m[<rasa.shared.core.events.DefinePrevUserUtteredFeaturization object at 0x733536148430>][0m
2025-06-08 20:34:07 [1;30mDEBUG   [0m [34mrasa.core.processor[0m  - [[32m[1mdebug    [0m] [1mprocessor.actions.log         [0m [36maction_name[0m=[35mutter_greet[0m [36mrasa_events[0m=[35m[BotUttered('Привет! Чем могу помочь в области архитектуры программного обеспечения?', {"elements": null, "quick_replies": null, "buttons": null, "attachment": null, "image": null, "custom": null}, {"utter_action": "utter_greet"}, 1749414847.826869)][0m
2025-06-08 20:34:07 [1;30mDEBUG   [0m [34mrasa.engine.runner.dask[0m  - Running graph with inputs: {'__tracker__': <rasa.shared.core.trackers.DialogueStateTracker object at 0x733536257850>}, targets: ['select_prediction'] and ExecutionContext(model_id='d958cee428034d74882bc7694ec16195', should_add_diagnostic_data=False, is_finetuning=False, node_name=None).
2025-06-08 20:34:07 [1;30mDEBUG   [0m [34mrasa.engine.graph[0m  - Node 'rule_only_data_provider' running 'RuleOnlyDataProvider.provide'.
2025-06-08 20:34:07 [1;30mDEBUG   [0m [34mrasa.engine.graph[0m  - Node 'domain_provider' running 'DomainProvider.provide_inference'.
2025-06-08 20:34:07 [1;30mDEBUG   [0m [34mrasa.engine.graph[0m  - Node 'run_MemoizationPolicy0' running 'MemoizationPolicy.predict_action_probabilities'.
2025-06-08 20:34:07 [1;30mDEBUG   [0m [34mrasa.core.policies.memoization[0m  - [[32m[1mdebug    [0m] [1mmemoization.predict.actions   [0m [36mtracker_states[0m=[35m[{'user': {'intent': 'greet'}, 'prev_action': {'action_name': 'action_listen'}}, {'user': {'intent': 'greet'}, 'prev_action': {'action_name': 'utter_greet'}}][0m
2025-06-08 20:34:07 [1;30mDEBUG   [0m [34mrasa.core.policies.memoization[0m  - There is a memorised next action 'action_listen'
2025-06-08 20:34:07 [1;30mDEBUG   [0m [34mrasa.engine.graph[0m  - Node 'run_RulePolicy1' running 'RulePolicy.predict_action_probabilities'.
2025-06-08 20:34:07 [1;30mDEBUG   [0m [34mrasa.core.policies.rule_policy[0m  - [[32m[1mdebug    [0m] [1mrule_policy.actions.find      [0m [36mcurrent_states[0m=[35m
[state 1] user intent: greet | previous action name: action_listen
[state 2] user intent: greet | previous action name: utter_greet[0m
2025-06-08 20:34:07 [1;30mDEBUG   [0m [34mrasa.core.policies.rule_policy[0m  - There is no applicable rule.
2025-06-08 20:34:07 [1;30mDEBUG   [0m [34mrasa.engine.graph[0m  - Node 'run_TEDPolicy2' running 'TEDPolicy.predict_action_probabilities'.
2025-06-08 20:34:07 [1;30mDEBUG   [0m [34mrasa.core.policies.ted_policy[0m  - TED predicted 'utter_iamabot' based on user intent.
2025-06-08 20:34:07 [1;30mDEBUG   [0m [34mrasa.engine.graph[0m  - Node 'select_prediction' running 'DefaultPolicyPredictionEnsemble.combine_predictions_from_kwargs'.
2025-06-08 20:34:07 [1;30mDEBUG   [0m [34mrasa.core.policies.ensemble[0m  - Predicted next action using MemoizationPolicy.
2025-06-08 20:34:07 [1;30mDEBUG   [0m [34mrasa.core.processor[0m  - Predicted next action 'action_listen' with confidence 1.00.
2025-06-08 20:34:07 [1;30mDEBUG   [0m [34mrasa.core.processor[0m  - [[32m[1mdebug    [0m] [1mprocessor.actions.policy_prediction[0m [36mprediction_events[0m=[35m[][0m
2025-06-08 20:34:07 [1;30mDEBUG   [0m [34mrasa.core.processor[0m  - [[32m[1mdebug    [0m] [1mprocessor.actions.log         [0m [36maction_name[0m=[35maction_listen[0m [36mrasa_events[0m=[35m[][0m
2025-06-08 20:34:07 [1;30mDEBUG   [0m [34mrasa.core.tracker_store[0m  - No event broker configured. Skipping streaming events.
2025-06-08 20:34:07 [1;30mDEBUG   [0m [34mrasa.core.lock_store[0m  - Deleted lock for conversation 'PractikumStudent'.
2025-06-08 20:34:16 [1;30mDEBUG   [0m [34mrasa.core.lock_store[0m  - Issuing ticket for conversation 'PractikumStudent'.
2025-06-08 20:34:16 [1;30mDEBUG   [0m [34mrasa.core.lock_store[0m  - Acquiring lock for conversation 'PractikumStudent'.
2025-06-08 20:34:16 [1;30mDEBUG   [0m [34mrasa.core.lock_store[0m  - Acquired lock for conversation 'PractikumStudent'.
2025-06-08 20:34:16 [1;30mDEBUG   [0m [34mrasa.core.tracker_store[0m  - Recreating tracker for id 'PractikumStudent'
2025-06-08 20:34:16 [1;30mDEBUG   [0m [34mrasa.engine.runner.dask[0m  - Running graph with inputs: {'__message__': [<rasa.core.channels.channel.UserMessage object at 0x733558693e20>], '__tracker__': <rasa.shared.core.trackers.DialogueStateTracker object at 0x7335362570a0>}, targets: ['run_RegexMessageHandler'] and ExecutionContext(model_id='d958cee428034d74882bc7694ec16195', should_add_diagnostic_data=False, is_finetuning=False, node_name=None).
2025-06-08 20:34:16 [1;30mDEBUG   [0m [34mrasa.engine.graph[0m  - Node 'nlu_message_converter' running 'NLUMessageConverter.convert_user_message'.
2025-06-08 20:34:16 [1;30mDEBUG   [0m [34mrasa.engine.graph[0m  - Node 'run_WhitespaceTokenizer0' running 'WhitespaceTokenizer.process'.
2025-06-08 20:34:16 [1;30mDEBUG   [0m [34mrasa.engine.graph[0m  - Node 'run_RegexFeaturizer1' running 'RegexFeaturizer.process'.
2025-06-08 20:34:16 [1;30mDEBUG   [0m [34mrasa.engine.graph[0m  - Node 'run_LexicalSyntacticFeaturizer2' running 'LexicalSyntacticFeaturizer.process'.
2025-06-08 20:34:16 [1;30mDEBUG   [0m [34mrasa.engine.graph[0m  - Node 'run_CountVectorsFeaturizer3' running 'CountVectorsFeaturizer.process'.
2025-06-08 20:34:16 [1;30mDEBUG   [0m [34mrasa.engine.graph[0m  - Node 'run_LanguageModelFeaturizer4' running 'LanguageModelFeaturizer.process'.
2025-06-08 20:34:16 [1;30mDEBUG   [0m [34mrasa.engine.graph[0m  - Node 'run_DIETClassifier5' running 'DIETClassifier.process'.
2025-06-08 20:34:16 [1;30mDEBUG   [0m [34mrasa.engine.graph[0m  - Node 'run_EntitySynonymMapper6' running 'EntitySynonymMapper.process'.
2025-06-08 20:34:16 [1;30mDEBUG   [0m [34mrasa.engine.graph[0m  - Node 'run_ResponseSelector7' running 'ResponseSelector.process'.
2025-06-08 20:34:16 [1;30mDEBUG   [0m [34mrasa.nlu.classifiers.diet_classifier[0m  - There is no trained model for 'ResponseSelector': The component is either not trained or didn't receive enough training data.
2025-06-08 20:34:16 [1;30mDEBUG   [0m [34mrasa.nlu.selectors.response_selector[0m  - Adding following selector key to message property: default
2025-06-08 20:34:16 [1;30mDEBUG   [0m [34mrasa.engine.graph[0m  - Node 'domain_provider' running 'DomainProvider.provide_inference'.
2025-06-08 20:34:16 [1;30mDEBUG   [0m [34mrasa.engine.graph[0m  - Node 'run_RegexMessageHandler' running 'RegexMessageHandler.process'.
2025-06-08 20:34:16 [1;30mDEBUG   [0m [34mrasa.core.processor[0m  - [[32m[1mdebug    [0m] [1mprocessor.message.parse       [0m [36mparse_data_entities[0m=[35m[][0m [36mparse_data_intent[0m=[35m{'name': 'ask_architecture', 'confidence': 0.3819885551929474}[0m [36mparse_data_text[0m=[35mчто такое архитектура[0m
2025-06-08 20:34:16 [1;30mDEBUG   [0m [34mrasa.core.processor[0m  - Logged UserUtterance - tracker now has 10 events.
2025-06-08 20:34:16 [1;30mDEBUG   [0m [34mrasa.core.actions.action[0m  - Validating extracted slots: topic
2025-06-08 20:34:16 [1;30mDEBUG   [0m [34mrasa.core.processor[0m  - [[32m[1mdebug    [0m] [1mprocessor.extract.slots       [0m [36maction_extract_slot[0m=[35maction_extract_slots[0m [36mlen_extraction_events[0m=[35m1[0m [36mrasa_events[0m=[35m[SlotSet(key: topic, value: что такое архитектура)][0m
2025-06-08 20:34:16 [1;30mDEBUG   [0m [34mrasa.engine.runner.dask[0m  - Running graph with inputs: {'__tracker__': <rasa.shared.core.trackers.DialogueStateTracker object at 0x7335362570a0>}, targets: ['select_prediction'] and ExecutionContext(model_id='d958cee428034d74882bc7694ec16195', should_add_diagnostic_data=False, is_finetuning=False, node_name=None).
2025-06-08 20:34:16 [1;30mDEBUG   [0m [34mrasa.engine.graph[0m  - Node 'rule_only_data_provider' running 'RuleOnlyDataProvider.provide'.
2025-06-08 20:34:16 [1;30mDEBUG   [0m [34mrasa.engine.graph[0m  - Node 'domain_provider' running 'DomainProvider.provide_inference'.
2025-06-08 20:34:16 [1;30mDEBUG   [0m [34mrasa.engine.graph[0m  - Node 'run_MemoizationPolicy0' running 'MemoizationPolicy.predict_action_probabilities'.
2025-06-08 20:34:16 [1;30mDEBUG   [0m [34mrasa.core.policies.memoization[0m  - [[32m[1mdebug    [0m] [1mmemoization.predict.actions   [0m [36mtracker_states[0m=[35m[{'user': {'intent': 'greet'}, 'prev_action': {'action_name': 'utter_greet'}}, {'user': {'intent': 'ask_architecture'}, 'prev_action': {'action_name': 'action_listen'}}][0m
2025-06-08 20:34:16 [1;30mDEBUG   [0m [34mrasa.core.policies.memoization[0m  - There is a memorised next action 'utter_architecture_response'
2025-06-08 20:34:16 [1;30mDEBUG   [0m [34mrasa.engine.graph[0m  - Node 'run_RulePolicy1' running 'RulePolicy.predict_action_probabilities'.
2025-06-08 20:34:16 [1;30mDEBUG   [0m [34mrasa.core.policies.rule_policy[0m  - [[32m[1mdebug    [0m] [1mrule_policy.actions.find      [0m [36mcurrent_states[0m=[35m
[state 1] user intent: greet | previous action name: action_listen
[state 2] user intent: greet | previous action name: utter_greet
[state 3] user text: что такое архитектура | previous action name: action_listen[0m
2025-06-08 20:34:16 [1;30mDEBUG   [0m [34mrasa.core.policies.rule_policy[0m  - There is no applicable rule.
2025-06-08 20:34:16 [1;30mDEBUG   [0m [34mrasa.core.policies.rule_policy[0m  - [[32m[1mdebug    [0m] [1mrule_policy.actions.find      [0m [36mcurrent_states[0m=[35m
[state 1] user intent: greet | previous action name: action_listen
[state 2] user intent: greet | previous action name: utter_greet
[state 3] user intent: ask_architecture | previous action name: action_listen[0m
2025-06-08 20:34:16 [1;30mDEBUG   [0m [34mrasa.core.policies.rule_policy[0m  - There is no applicable rule.
2025-06-08 20:34:16 [1;30mDEBUG   [0m [34mrasa.engine.graph[0m  - Node 'run_TEDPolicy2' running 'TEDPolicy.predict_action_probabilities'.
2025-06-08 20:34:16 [1;30mDEBUG   [0m [34mrasa.core.policies.ted_policy[0m  - TED predicted 'utter_iamabot' based on user intent.
2025-06-08 20:34:16 [1;30mDEBUG   [0m [34mrasa.engine.graph[0m  - Node 'select_prediction' running 'DefaultPolicyPredictionEnsemble.combine_predictions_from_kwargs'.
2025-06-08 20:34:16 [1;30mDEBUG   [0m [34mrasa.core.policies.ensemble[0m  - Made prediction using user intent.
2025-06-08 20:34:16 [1;30mDEBUG   [0m [34mrasa.core.policies.ensemble[0m  - Added `DefinePrevUserUtteredFeaturization(False)` event.
2025-06-08 20:34:16 [1;30mDEBUG   [0m [34mrasa.core.policies.ensemble[0m  - Predicted next action using MemoizationPolicy.
2025-06-08 20:34:16 [1;30mDEBUG   [0m [34mrasa.core.processor[0m  - Predicted next action 'utter_architecture_response' with confidence 1.00.
2025-06-08 20:34:16 [1;30mDEBUG   [0m [34mrasa.core.processor[0m  - [[32m[1mdebug    [0m] [1mprocessor.actions.policy_prediction[0m [36mprediction_events[0m=[35m[<rasa.shared.core.events.DefinePrevUserUtteredFeaturization object at 0x733536b14cd0>][0m
2025-06-08 20:34:16 [1;30mDEBUG   [0m [34mrasa.core.processor[0m  - [[32m[1mdebug    [0m] [1mprocessor.actions.log         [0m [36maction_name[0m=[35mutter_architecture_response[0m [36mrasa_events[0m=[35m[BotUttered('Архитектура ПО включает выбор структур, которые обеспечивают масштабируемость, гибкость и поддерживаемость приложения. Задайте конкретный вопрос по этой теме, и я помогу вам с информацией.', {"elements": null, "quick_replies": null, "buttons": null, "attachment": null, "image": null, "custom": null}, {"utter_action": "utter_architecture_response"}, 1749414856.7847283)][0m
2025-06-08 20:34:16 [1;30mDEBUG   [0m [34mrasa.engine.runner.dask[0m  - Running graph with inputs: {'__tracker__': <rasa.shared.core.trackers.DialogueStateTracker object at 0x7335362570a0>}, targets: ['select_prediction'] and ExecutionContext(model_id='d958cee428034d74882bc7694ec16195', should_add_diagnostic_data=False, is_finetuning=False, node_name=None).
2025-06-08 20:34:16 [1;30mDEBUG   [0m [34mrasa.engine.graph[0m  - Node 'rule_only_data_provider' running 'RuleOnlyDataProvider.provide'.
2025-06-08 20:34:16 [1;30mDEBUG   [0m [34mrasa.engine.graph[0m  - Node 'domain_provider' running 'DomainProvider.provide_inference'.
2025-06-08 20:34:16 [1;30mDEBUG   [0m [34mrasa.engine.graph[0m  - Node 'run_MemoizationPolicy0' running 'MemoizationPolicy.predict_action_probabilities'.
2025-06-08 20:34:16 [1;30mDEBUG   [0m [34mrasa.core.policies.memoization[0m  - [[32m[1mdebug    [0m] [1mmemoization.predict.actions   [0m [36mtracker_states[0m=[35m[{'user': {'intent': 'ask_architecture'}, 'prev_action': {'action_name': 'action_listen'}}, {'user': {'intent': 'ask_architecture'}, 'prev_action': {'action_name': 'utter_architecture_response'}}][0m
2025-06-08 20:34:16 [1;30mDEBUG   [0m [34mrasa.core.policies.memoization[0m  - There is a memorised next action 'utter_ask_more'
2025-06-08 20:34:16 [1;30mDEBUG   [0m [34mrasa.engine.graph[0m  - Node 'run_RulePolicy1' running 'RulePolicy.predict_action_probabilities'.
2025-06-08 20:34:16 [1;30mDEBUG   [0m [34mrasa.core.policies.rule_policy[0m  - [[32m[1mdebug    [0m] [1mrule_policy.actions.find      [0m [36mcurrent_states[0m=[35m
[state 1] user intent: greet | previous action name: action_listen
[state 2] user intent: greet | previous action name: utter_greet
[state 3] user intent: ask_architecture | previous action name: action_listen
[state 4] user intent: ask_architecture | previous action name: utter_architecture_response[0m
2025-06-08 20:34:16 [1;30mDEBUG   [0m [34mrasa.core.policies.rule_policy[0m  - There is no applicable rule.
2025-06-08 20:34:16 [1;30mDEBUG   [0m [34mrasa.engine.graph[0m  - Node 'run_TEDPolicy2' running 'TEDPolicy.predict_action_probabilities'.
2025-06-08 20:34:16 [1;30mDEBUG   [0m [34mrasa.core.policies.ted_policy[0m  - TED predicted 'action_session_start' based on user intent.
2025-06-08 20:34:16 [1;30mDEBUG   [0m [34mrasa.engine.graph[0m  - Node 'select_prediction' running 'DefaultPolicyPredictionEnsemble.combine_predictions_from_kwargs'.
2025-06-08 20:34:16 [1;30mDEBUG   [0m [34mrasa.core.policies.ensemble[0m  - Predicted next action using MemoizationPolicy.
2025-06-08 20:34:16 [1;30mDEBUG   [0m [34mrasa.core.processor[0m  - Predicted next action 'utter_ask_more' with confidence 1.00.
2025-06-08 20:34:16 [1;30mDEBUG   [0m [34mrasa.core.processor[0m  - [[32m[1mdebug    [0m] [1mprocessor.actions.policy_prediction[0m [36mprediction_events[0m=[35m[][0m
2025-06-08 20:34:16 [1;30mDEBUG   [0m [34mrasa.core.processor[0m  - [[32m[1mdebug    [0m] [1mprocessor.actions.log         [0m [36maction_name[0m=[35mutter_ask_more[0m [36mrasa_events[0m=[35m[BotUttered('Что именно вас интересует в архитектуре программного обеспечения?', {"elements": null, "quick_replies": null, "buttons": null, "attachment": null, "image": null, "custom": null}, {"utter_action": "utter_ask_more"}, 1749414856.790704)][0m
2025-06-08 20:34:16 [1;30mDEBUG   [0m [34mrasa.engine.runner.dask[0m  - Running graph with inputs: {'__tracker__': <rasa.shared.core.trackers.DialogueStateTracker object at 0x7335362570a0>}, targets: ['select_prediction'] and ExecutionContext(model_id='d958cee428034d74882bc7694ec16195', should_add_diagnostic_data=False, is_finetuning=False, node_name=None).
2025-06-08 20:34:16 [1;30mDEBUG   [0m [34mrasa.engine.graph[0m  - Node 'rule_only_data_provider' running 'RuleOnlyDataProvider.provide'.
2025-06-08 20:34:16 [1;30mDEBUG   [0m [34mrasa.engine.graph[0m  - Node 'domain_provider' running 'DomainProvider.provide_inference'.
2025-06-08 20:34:16 [1;30mDEBUG   [0m [34mrasa.engine.graph[0m  - Node 'run_MemoizationPolicy0' running 'MemoizationPolicy.predict_action_probabilities'.
2025-06-08 20:34:16 [1;30mDEBUG   [0m [34mrasa.core.policies.memoization[0m  - [[32m[1mdebug    [0m] [1mmemoization.predict.actions   [0m [36mtracker_states[0m=[35m[{'user': {'intent': 'ask_architecture'}, 'prev_action': {'action_name': 'utter_architecture_response'}}, {'user': {'intent': 'ask_architecture'}, 'prev_action': {'action_name': 'utter_ask_more'}}][0m
2025-06-08 20:34:16 [1;30mDEBUG   [0m [34mrasa.core.policies.memoization[0m  - There is a memorised next action 'action_listen'
2025-06-08 20:34:16 [1;30mDEBUG   [0m [34mrasa.engine.graph[0m  - Node 'run_RulePolicy1' running 'RulePolicy.predict_action_probabilities'.
2025-06-08 20:34:16 [1;30mDEBUG   [0m [34mrasa.core.policies.rule_policy[0m  - [[32m[1mdebug    [0m] [1mrule_policy.actions.find      [0m [36mcurrent_states[0m=[35m
[state 1] user intent: greet | previous action name: action_listen
[state 2] user intent: greet | previous action name: utter_greet
[state 3] user intent: ask_architecture | previous action name: action_listen
[state 4] user intent: ask_architecture | previous action name: utter_architecture_response
[state 5] user intent: ask_architecture | previous action name: utter_ask_more[0m
2025-06-08 20:34:16 [1;30mDEBUG   [0m [34mrasa.core.policies.rule_policy[0m  - There is no applicable rule.
2025-06-08 20:34:16 [1;30mDEBUG   [0m [34mrasa.engine.graph[0m  - Node 'run_TEDPolicy2' running 'TEDPolicy.predict_action_probabilities'.
2025-06-08 20:34:16 [1;30mDEBUG   [0m [34mrasa.core.policies.ted_policy[0m  - TED predicted 'action_session_start' based on user intent.
2025-06-08 20:34:16 [1;30mDEBUG   [0m [34mrasa.engine.graph[0m  - Node 'select_prediction' running 'DefaultPolicyPredictionEnsemble.combine_predictions_from_kwargs'.
2025-06-08 20:34:16 [1;30mDEBUG   [0m [34mrasa.core.policies.ensemble[0m  - Predicted next action using MemoizationPolicy.
2025-06-08 20:34:16 [1;30mDEBUG   [0m [34mrasa.core.processor[0m  - Predicted next action 'action_listen' with confidence 1.00.
2025-06-08 20:34:16 [1;30mDEBUG   [0m [34mrasa.core.processor[0m  - [[32m[1mdebug    [0m] [1mprocessor.actions.policy_prediction[0m [36mprediction_events[0m=[35m[][0m
2025-06-08 20:34:16 [1;30mDEBUG   [0m [34mrasa.core.processor[0m  - [[32m[1mdebug    [0m] [1mprocessor.actions.log         [0m [36maction_name[0m=[35maction_listen[0m [36mrasa_events[0m=[35m[][0m
2025-06-08 20:34:16 [1;30mDEBUG   [0m [34mrasa.core.tracker_store[0m  - No event broker configured. Skipping streaming events.
2025-06-08 20:34:16 [1;30mDEBUG   [0m [34mrasa.core.lock_store[0m  - Deleted lock for conversation 'PractikumStudent'.
2025-06-08 20:34:24 [1;30mDEBUG   [0m [34mrasa.core.lock_store[0m  - Issuing ticket for conversation 'PractikumStudent'.
2025-06-08 20:34:24 [1;30mDEBUG   [0m [34mrasa.core.lock_store[0m  - Acquiring lock for conversation 'PractikumStudent'.
2025-06-08 20:34:24 [1;30mDEBUG   [0m [34mrasa.core.lock_store[0m  - Acquired lock for conversation 'PractikumStudent'.
2025-06-08 20:34:24 [1;30mDEBUG   [0m [34mrasa.core.tracker_store[0m  - Recreating tracker for id 'PractikumStudent'
2025-06-08 20:34:24 [1;30mDEBUG   [0m [34mrasa.engine.runner.dask[0m  - Running graph with inputs: {'__message__': [<rasa.core.channels.channel.UserMessage object at 0x733558076580>], '__tracker__': <rasa.shared.core.trackers.DialogueStateTracker object at 0x733536fc4cd0>}, targets: ['run_RegexMessageHandler'] and ExecutionContext(model_id='d958cee428034d74882bc7694ec16195', should_add_diagnostic_data=False, is_finetuning=False, node_name=None).
2025-06-08 20:34:24 [1;30mDEBUG   [0m [34mrasa.engine.graph[0m  - Node 'nlu_message_converter' running 'NLUMessageConverter.convert_user_message'.
2025-06-08 20:34:24 [1;30mDEBUG   [0m [34mrasa.engine.graph[0m  - Node 'run_WhitespaceTokenizer0' running 'WhitespaceTokenizer.process'.
2025-06-08 20:34:24 [1;30mDEBUG   [0m [34mrasa.engine.graph[0m  - Node 'run_RegexFeaturizer1' running 'RegexFeaturizer.process'.
2025-06-08 20:34:24 [1;30mDEBUG   [0m [34mrasa.engine.graph[0m  - Node 'run_LexicalSyntacticFeaturizer2' running 'LexicalSyntacticFeaturizer.process'.
2025-06-08 20:34:24 [1;30mDEBUG   [0m [34mrasa.engine.graph[0m  - Node 'run_CountVectorsFeaturizer3' running 'CountVectorsFeaturizer.process'.
2025-06-08 20:34:24 [1;30mDEBUG   [0m [34mrasa.engine.graph[0m  - Node 'run_LanguageModelFeaturizer4' running 'LanguageModelFeaturizer.process'.
2025-06-08 20:34:24 [1;30mDEBUG   [0m [34mrasa.engine.graph[0m  - Node 'run_DIETClassifier5' running 'DIETClassifier.process'.
2025-06-08 20:34:24 [1;30mDEBUG   [0m [34mrasa.engine.graph[0m  - Node 'run_EntitySynonymMapper6' running 'EntitySynonymMapper.process'.
2025-06-08 20:34:24 [1;30mDEBUG   [0m [34mrasa.engine.graph[0m  - Node 'run_ResponseSelector7' running 'ResponseSelector.process'.
2025-06-08 20:34:24 [1;30mDEBUG   [0m [34mrasa.nlu.classifiers.diet_classifier[0m  - There is no trained model for 'ResponseSelector': The component is either not trained or didn't receive enough training data.
2025-06-08 20:34:24 [1;30mDEBUG   [0m [34mrasa.nlu.selectors.response_selector[0m  - Adding following selector key to message property: default
2025-06-08 20:34:24 [1;30mDEBUG   [0m [34mrasa.engine.graph[0m  - Node 'domain_provider' running 'DomainProvider.provide_inference'.
2025-06-08 20:34:24 [1;30mDEBUG   [0m [34mrasa.engine.graph[0m  - Node 'run_RegexMessageHandler' running 'RegexMessageHandler.process'.
2025-06-08 20:34:24 [1;30mDEBUG   [0m [34mrasa.core.processor[0m  - [[32m[1mdebug    [0m] [1mprocessor.message.parse       [0m [36mparse_data_entities[0m=[35m[][0m [36mparse_data_intent[0m=[35m{'name': 'greet', 'confidence': 0.1883784681558609}[0m [36mparse_data_text[0m=[35mспасибо[0m
2025-06-08 20:34:24 [1;30mDEBUG   [0m [34mrasa.core.processor[0m  - Logged UserUtterance - tracker now has 18 events.
2025-06-08 20:34:24 [1;30mDEBUG   [0m [34mrasa.core.actions.action[0m  - Validating extracted slots: topic
2025-06-08 20:34:24 [1;30mDEBUG   [0m [34mrasa.core.processor[0m  - [[32m[1mdebug    [0m] [1mprocessor.extract.slots       [0m [36maction_extract_slot[0m=[35maction_extract_slots[0m [36mlen_extraction_events[0m=[35m1[0m [36mrasa_events[0m=[35m[SlotSet(key: topic, value: спасибо)][0m
2025-06-08 20:34:24 [1;30mDEBUG   [0m [34mrasa.engine.runner.dask[0m  - Running graph with inputs: {'__tracker__': <rasa.shared.core.trackers.DialogueStateTracker object at 0x733536fc4cd0>}, targets: ['select_prediction'] and ExecutionContext(model_id='d958cee428034d74882bc7694ec16195', should_add_diagnostic_data=False, is_finetuning=False, node_name=None).
2025-06-08 20:34:24 [1;30mDEBUG   [0m [34mrasa.engine.graph[0m  - Node 'rule_only_data_provider' running 'RuleOnlyDataProvider.provide'.
2025-06-08 20:34:24 [1;30mDEBUG   [0m [34mrasa.engine.graph[0m  - Node 'domain_provider' running 'DomainProvider.provide_inference'.
2025-06-08 20:34:24 [1;30mDEBUG   [0m [34mrasa.engine.graph[0m  - Node 'run_MemoizationPolicy0' running 'MemoizationPolicy.predict_action_probabilities'.
2025-06-08 20:34:24 [1;30mDEBUG   [0m [34mrasa.core.policies.memoization[0m  - [[32m[1mdebug    [0m] [1mmemoization.predict.actions   [0m [36mtracker_states[0m=[35m[{'user': {'intent': 'ask_architecture'}, 'prev_action': {'action_name': 'utter_ask_more'}}, {'user': {'intent': 'greet'}, 'prev_action': {'action_name': 'action_listen'}}][0m
2025-06-08 20:34:24 [1;30mDEBUG   [0m [34mrasa.core.policies.memoization[0m  - There is no memorised next action
2025-06-08 20:34:24 [1;30mDEBUG   [0m [34mrasa.engine.graph[0m  - Node 'run_RulePolicy1' running 'RulePolicy.predict_action_probabilities'.
2025-06-08 20:34:24 [1;30mDEBUG   [0m [34mrasa.core.policies.rule_policy[0m  - [[32m[1mdebug    [0m] [1mrule_policy.actions.find      [0m [36mcurrent_states[0m=[35m
[state 1] user intent: greet | previous action name: action_listen
[state 2] user intent: greet | previous action name: utter_greet
[state 3] user intent: ask_architecture | previous action name: action_listen
[state 4] user intent: ask_architecture | previous action name: utter_architecture_response
[state 5] user intent: ask_architecture | previous action name: utter_ask_more
[state 6] user text: спасибо | previous action name: action_listen[0m
2025-06-08 20:34:24 [1;30mDEBUG   [0m [34mrasa.core.policies.rule_policy[0m  - There is no applicable rule.
2025-06-08 20:34:24 [1;30mDEBUG   [0m [34mrasa.core.policies.rule_policy[0m  - [[32m[1mdebug    [0m] [1mrule_policy.actions.find      [0m [36mcurrent_states[0m=[35m
[state 1] user intent: greet | previous action name: action_listen
[state 2] user intent: greet | previous action name: utter_greet
[state 3] user intent: ask_architecture | previous action name: action_listen
[state 4] user intent: ask_architecture | previous action name: utter_architecture_response
[state 5] user intent: ask_architecture | previous action name: utter_ask_more
[state 6] user intent: greet | previous action name: action_listen[0m
2025-06-08 20:34:24 [1;30mDEBUG   [0m [34mrasa.core.policies.rule_policy[0m  - There is no applicable rule.
2025-06-08 20:34:24 [1;30mDEBUG   [0m [34mrasa.engine.graph[0m  - Node 'run_TEDPolicy2' running 'TEDPolicy.predict_action_probabilities'.
2025-06-08 20:34:24 [1;30mDEBUG   [0m [34mrasa.core.policies.ted_policy[0m  - TED predicted 'action_session_start' based on user intent.
2025-06-08 20:34:24 [1;30mDEBUG   [0m [34mrasa.engine.graph[0m  - Node 'select_prediction' running 'DefaultPolicyPredictionEnsemble.combine_predictions_from_kwargs'.
2025-06-08 20:34:24 [1;30mDEBUG   [0m [34mrasa.core.policies.ensemble[0m  - Made prediction using user intent.
2025-06-08 20:34:24 [1;30mDEBUG   [0m [34mrasa.core.policies.ensemble[0m  - Added `DefinePrevUserUtteredFeaturization(False)` event.
2025-06-08 20:34:24 [1;30mDEBUG   [0m [34mrasa.core.policies.ensemble[0m  - Predicted next action using RulePolicy.
2025-06-08 20:34:24 [1;30mDEBUG   [0m [34mrasa.core.processor[0m  - Predicted next action 'action_default_fallback' with confidence 0.30.
2025-06-08 20:34:24 [1;30mDEBUG   [0m [34mrasa.core.processor[0m  - [[32m[1mdebug    [0m] [1mprocessor.actions.policy_prediction[0m [36mprediction_events[0m=[35m[<rasa.shared.core.events.DefinePrevUserUtteredFeaturization object at 0x733536231a60>][0m
2025-06-08 20:34:24 [1;30mDEBUG   [0m [34mrasa.core.processor[0m  - [[32m[1mdebug    [0m] [1mprocessor.actions.log         [0m [36maction_name[0m=[35maction_default_fallback[0m [36mrasa_events[0m=[35m[<rasa.shared.core.events.UserUtteranceReverted object at 0x733536148fa0>][0m
2025-06-08 20:34:24 [1;30mDEBUG   [0m [34mrasa.core.processor[0m  - [[32m[1mdebug    [0m] [1mprocessor.slots.log           [0m [36mslot_values[0m=[35m	topic: что такое архитектура
	session_started_metadata: None[0m
2025-06-08 20:34:24 [1;30mDEBUG   [0m [34mrasa.engine.runner.dask[0m  - Running graph with inputs: {'__tracker__': <rasa.shared.core.trackers.DialogueStateTracker object at 0x733536fc4cd0>}, targets: ['select_prediction'] and ExecutionContext(model_id='d958cee428034d74882bc7694ec16195', should_add_diagnostic_data=False, is_finetuning=False, node_name=None).
2025-06-08 20:34:24 [1;30mDEBUG   [0m [34mrasa.engine.graph[0m  - Node 'rule_only_data_provider' running 'RuleOnlyDataProvider.provide'.
2025-06-08 20:34:24 [1;30mDEBUG   [0m [34mrasa.engine.graph[0m  - Node 'domain_provider' running 'DomainProvider.provide_inference'.
2025-06-08 20:34:24 [1;30mDEBUG   [0m [34mrasa.engine.graph[0m  - Node 'run_MemoizationPolicy0' running 'MemoizationPolicy.predict_action_probabilities'.
2025-06-08 20:34:24 [1;30mDEBUG   [0m [34mrasa.core.policies.memoization[0m  - [[32m[1mdebug    [0m] [1mmemoization.predict.actions   [0m [36mtracker_states[0m=[35m[{'user': {'intent': 'ask_architecture'}, 'prev_action': {'action_name': 'utter_architecture_response'}}, {'user': {'intent': 'ask_architecture'}, 'prev_action': {'action_name': 'utter_ask_more'}}][0m
2025-06-08 20:34:24 [1;30mDEBUG   [0m [34mrasa.core.policies.memoization[0m  - There is a memorised next action 'action_listen'
2025-06-08 20:34:24 [1;30mDEBUG   [0m [34mrasa.engine.graph[0m  - Node 'run_RulePolicy1' running 'RulePolicy.predict_action_probabilities'.
2025-06-08 20:34:24 [1;30mDEBUG   [0m [34mrasa.core.policies.rule_policy[0m  - [[32m[1mdebug    [0m] [1mrule_policy.actions.find      [0m [36mcurrent_states[0m=[35m
[state 1] user intent: greet | previous action name: action_listen
[state 2] user intent: greet | previous action name: utter_greet
[state 3] user intent: ask_architecture | previous action name: action_listen
[state 4] user intent: ask_architecture | previous action name: utter_architecture_response
[state 5] user intent: ask_architecture | previous action name: utter_ask_more[0m
2025-06-08 20:34:24 [1;30mDEBUG   [0m [34mrasa.core.policies.rule_policy[0m  - There is no applicable rule.
2025-06-08 20:34:24 [1;30mDEBUG   [0m [34mrasa.engine.graph[0m  - Node 'run_TEDPolicy2' running 'TEDPolicy.predict_action_probabilities'.
2025-06-08 20:34:24 [1;30mDEBUG   [0m [34mrasa.core.policies.ted_policy[0m  - TED predicted 'action_session_start' based on user intent.
2025-06-08 20:34:24 [1;30mDEBUG   [0m [34mrasa.engine.graph[0m  - Node 'select_prediction' running 'DefaultPolicyPredictionEnsemble.combine_predictions_from_kwargs'.
2025-06-08 20:34:24 [1;30mDEBUG   [0m [34mrasa.core.policies.ensemble[0m  - Predicted next action using MemoizationPolicy.
2025-06-08 20:34:24 [1;30mDEBUG   [0m [34mrasa.core.processor[0m  - Predicted next action 'action_listen' with confidence 1.00.
2025-06-08 20:34:24 [1;30mDEBUG   [0m [34mrasa.core.processor[0m  - [[32m[1mdebug    [0m] [1mprocessor.actions.policy_prediction[0m [36mprediction_events[0m=[35m[][0m
2025-06-08 20:34:24 [1;30mDEBUG   [0m [34mrasa.core.processor[0m  - [[32m[1mdebug    [0m] [1mprocessor.actions.log         [0m [36maction_name[0m=[35maction_listen[0m [36mrasa_events[0m=[35m[][0m
2025-06-08 20:34:24 [1;30mDEBUG   [0m [34mrasa.core.tracker_store[0m  - No event broker configured. Skipping streaming events.
2025-06-08 20:34:24 [1;30mDEBUG   [0m [34mrasa.core.lock_store[0m  - Deleted lock for conversation 'PractikumStudent'.
^C